18
51
57
80
115
144
147
149
151
189
228
256
282
292
295
303
307
308
340
343
346
347
348
349
350
352
353
354
355
356
360
391
438
461
467
475
521
530
541
600
645
687
694
700
707
718
724
728
763
766
769
770
792
794
18
51
57
80
115
144
147
149
151
189
228
256
282
292
295
303
307
308
340
343
346
347
348
349
350
352
353
354
355
356
360
391
438
461
467
475
521
530
541
600
645
687
694
700
707
718
724
728
763
766
769
770
792
794
18
51
57
80
115
144
147
149
151
189
228
256
282
292
295
303
307
308
340
343
346
347
348
349
350
352
353
354
355
356
360
391
438
461
467
475
521
530
541
600
645
687
694
700
707
718
724
728
763
766
769
770
792
794
18
51
57
80
115
144
147
149
151
189
228
256
282
292
295
303
307
308
340
343
346
347
348
349
350
352
353
354
355
356
360
391
438
461
467
475
521
530
541
600
645
687
694
700
707
718
724
728
763
766
769
770
792
794
18
51
57
80
115
144
147
149
151
189
228
256
282
292
295
303
307
308
340
343
346
347
348
349
350
352
353
354
355
356
360
391
438
461
467
475
521
530
541
600
645
687
694
700
707
718
724
728
763
766
769
770
792
794
18
51
57
80
115
144
147
149
151
189
228
256
282
292
295
303
307
308
340
343
346
347
348
349
350
352
353
354
355
356
360
391
438
461
467
475
521
530
541
600
645
687
694
700
707
718
724
728
763
766
769
770
792
794
18
51
57
80
115
144
147
149
151
189
228
256
282
292
295
303
307
308
340
343
346
347
348
349
350
352
353
354
355
356
360
391
438
461
467
475
521
530
541
600
645
687
694
700
707
718
724
728
763
766
769
770
792
794
18
51
57
80
115
144
147
149
151
189
228
256
282
292
295
303
307
308
340
343
346
347
348
349
350
352
353
354
355
356
360
391
438
461
467
475
521
530
541
600
645
687
694
700
707
718
724
728
763
766
769
770
792
794
18
51
57
80
115
144
147
149
151
189
228
256
282
292
295
303
307
308
340
343
346
347
348
349
350
352
353
354
355
356
360
391
438
461
467
475
521
530
541
600
645
687
694
700
707
718
724
728
763
766
769
770
792
794
18
51
57
80
115
144
147
149
151
189
228
256
282
292
295
303
307
308
340
343
346
347
348
349
350
352
353
354
355
356
360
391
438
461
467
475
521
530
541
600
645
687
694
700
707
718
724
728
763
766
769
770
792
794
0
1
2
3
4
5
6
7
8
9
10
11
12
13
14
15
16
17
18
19
20
21
22
23
24
25
26
27
28
29
30
31
32
33
34
35
36
37
38
39
40
41
42
43
44
45
46
47
48
49
50
51
52
53
54
55
56
57
58
59
60
61
62
63
64
65
66
67
68
69
70
71
72
73
74
75
76
77
78
79
80
81
82
83
84
